// Jest Snapshot v1, https://goo.gl/fbAQLP

exports[`should render ExpenseList with empty message 1`] = `
<div>
  <p>
    Viewing 
     expenses totalling 
    $0.00
  </p>
</div>
`;

exports[`should render ExpenseList with expenses 1`] = `
<div>
  <p>
    Viewing 
     expenses totalling 
    $0.00
  </p>
</div>
`;
